14:20:49 **** Incremental Build of configuration Debug for project analogRead ****
make -j12 all 
arm-none-eabi-gcc "../Src/main.c" -mcpu=cortex-m0 -std=gnu11 -g3 -DUSE_HAL_DRIVER -DSTM32F051x8 -DDEBUG -c -I../Inc -I../Drivers/STM32F0xx_HAL_Driver/Inc -I../Drivers/CMSIS/Include -I../Drivers/STM32F0xx_HAL_Driver/Inc/Legacy -I../Drivers/CMSIS/Device/ST/STM32F0xx/Include -O0 -ffunction-sections -fdata-sections -Wall -fstack-usage -MMD -MP -MF"Src/main.d" -MT"Src/main.o" --specs=nano.specs -mfloat-abi=soft -mthumb -o "Src/main.o"
arm-none-eabi-gcc -o "analogRead.elf" @"objects.list"   -mcpu=cortex-m0 -T"C:\Studies\Embedded\STM32\BasicToAdvance\analogRead\STM32F051R8TX_FLASH.ld" --specs=nosys.specs -Wl,-Map="analogRead.map" -Wl,--gc-sections -static --specs=nano.specs -mfloat-abi=soft -mthumb -Wl,--start-group -lc -lm -Wl,--end-group
Finished building target: analogRead.elf
 
arm-none-eabi-objdump -h -S  analogRead.elf  > "analogRead.list"
arm-none-eabi-size   analogRead.elf 
   text	   data	    bss	    dec	    hex	filename
  11052	     12	   1708	  12772	   31e4	analogRead.elf
Finished building: default.size.stdout
 
Finished building: analogRead.list
 
14:35:27 **** Incremental Build of configuration Debug for project analogRead ****
make -j12 all 
arm-none-eabi-size   analogRead.elf 
   text	   data	    bss	    dec	    hex	filename
  11052	     12	   1708	  12772	   31e4	analogRead.elf
Finished building: default.size.stdout
 
14:36:37 **** Incremental Build of configuration Debug for project analogRead ****
make -j12 all 
arm-none-eabi-size   analogRead.elf 
   text	   data	    bss	    dec	    hex	filename
  11052	     12	   1708	  12772	   31e4	analogRead.elf
Finished building: default.size.stdout
 
