14:20:04 **** Incremental Build of configuration Debug for project metetest ****
make all 
'Building file: ../src/helloworld.c'
'Invoking: MicroBlaze gcc compiler'
mb-gcc -Wall -O0 -g3 -c -fmessage-length=0 -MT"src/helloworld.o" -IC:/Studies/Embedded/SoC/SecondMicro/microBlazeWithFirst_wrapper/export/microBlazeWithFirst_wrapper/sw/microBlazeWithFirst_wrapper/standalone_microblaze_0/bspinclude/include -mlittle-endian -mcpu=v11.0 -mxl-soft-mul -Wl,--no-relax -ffunction-sections -fdata-sections -MMD -MP -MF"src/helloworld.d" -MT"src/helloworld.o" -o "src/helloworld.o" "../src/helloworld.c"
'Finished building: ../src/helloworld.c'
' '
'Building file: ../src/platform.c'
'Invoking: MicroBlaze gcc compiler'
mb-gcc -Wall -O0 -g3 -c -fmessage-length=0 -MT"src/platform.o" -IC:/Studies/Embedded/SoC/SecondMicro/microBlazeWithFirst_wrapper/export/microBlazeWithFirst_wrapper/sw/microBlazeWithFirst_wrapper/standalone_microblaze_0/bspinclude/include -mlittle-endian -mcpu=v11.0 -mxl-soft-mul -Wl,--no-relax -ffunction-sections -fdata-sections -MMD -MP -MF"src/platform.d" -MT"src/platform.o" -o "src/platform.o" "../src/platform.c"
'Finished building: ../src/platform.c'
' '
'Building target: metetest.elf'
'Invoking: MicroBlaze gcc linker'
mb-gcc -Wl,-T -Wl,../src/lscript.ld -LC:/Studies/Embedded/SoC/SecondMicro/microBlazeWithFirst_wrapper/export/microBlazeWithFirst_wrapper/sw/microBlazeWithFirst_wrapper/standalone_microblaze_0/bsplib/lib -mlittle-endian -mcpu=v11.0 -mxl-soft-mul -Wl,--no-relax -Wl,--gc-sections -o "metetest.elf"  ./src/helloworld.o ./src/platform.o   -Wl,--start-group,-lxil,-lgcc,-lc,--end-group
'Finished building target: metetest.elf'
' '
'Invoking: MicroBlaze Print Size'
mb-size metetest.elf  |tee "metetest.elf.size"
   text	   data	    bss	    dec	    hex	filename
   3716	    348	   3120	   7184	   1c10	metetest.elf
'Finished building: metetest.elf.size'
' '

14:20:05 Build Finished (took 1s.322ms)

